../Core/Src/main.c:73:6:delay_us	16	static
../Core/Src/main.c:79:6:zagrevanje	56	static
../Core/Src/main.c:120:6:vracanjeNultiPolozaj	16	static
../Core/Src/main.c:136:6:rotiraj	24	static
../Core/Src/main.c:153:6:izbaci	16	static
../Core/Src/main.c:170:5:main	32	static
../Core/Src/main.c:244:6:SystemClock_Config	72	static
../Core/Src/main.c:281:13:MX_I2C1_Init	8	static
../Core/Src/main.c:315:13:MX_TIM1_Init	32	static
../Core/Src/main.c:361:13:MX_USART1_UART_Init	8	static
../Core/Src/main.c:394:13:MX_GPIO_Init	40	static
../Core/Src/main.c:433:6:Error_Handler	4	static,ignoring_inline_asm
